[B:1/117] ACB ...
  -> completed rows=1422 elapsed=50.028s
[B:2/117] AGR ...
  -> completed rows=4165 elapsed=107.335s
[B:3/117] ANV ...
  -> completed rows=4402 elapsed=144.922s
[B:4/117] BAF ...
  -> completed rows=1177 elapsed=105.205s
[B:5/117] BFC ...
  -> completed rows=2718 elapsed=192.742s
[B:6/117] BID ...
  -> completed rows=3135 elapsed=226.239s
[B:7/117] BMP ...
  -> completed rows=4402 elapsed=225.943s
[B:8/117] BSI ...
  -> completed rows=3682 elapsed=187.833s
[B:9/117] BSR ...
  -> completed rows=397 elapsed=21.2s
[B:10/117] BVH ...
EXIT:141
RESUME_START 02:05:22Z
[B:1/117] ACB ...
  -> skipped_completed rows=1422 elapsed=Nones
[B:2/117] AGR ...
  -> skipped_completed rows=4165 elapsed=Nones
[B:3/117] ANV ...
  -> skipped_completed rows=4402 elapsed=Nones
[B:4/117] BAF ...
  -> skipped_completed rows=1177 elapsed=Nones
[B:5/117] BFC ...
  -> skipped_completed rows=2718 elapsed=Nones
[B:6/117] BID ...
  -> skipped_completed rows=3135 elapsed=Nones
[B:7/117] BMP ...
  -> skipped_completed rows=4402 elapsed=Nones
[B:8/117] BSI ...
  -> skipped_completed rows=3682 elapsed=Nones
[B:9/117] BSR ...
  -> skipped_completed rows=397 elapsed=Nones
[B:10/117] BVH ...
  -> skipped_completed rows=4286 elapsed=Nones
[B:11/117] CII ...
  -> completed rows=4402 elapsed=154.202s
[B:12/117] CMG ...
  -> completed rows=4135 elapsed=114.184s
[B:13/117] CSV ...
  -> completed rows=2858 elapsed=60.691s
[B:14/117] CTD ...
  -> completed rows=4137 elapsed=114.75s
[B:15/117] CTG ...
  -> completed rows=4269 elapsed=94.73s
[B:16/117] CTR ...
  -> completed rows=1125 elapsed=23.74s
[B:17/117] DBC ...
  -> completed rows=1769 elapsed=49.402s
[B:18/117] DCM ...
  -> completed rows=2849 elapsed=81.999s
[B:19/117] DGC ...
  -> completed rows=1517 elapsed=56.911s
[B:20/117] DGW ...
  -> completed rows=2764 elapsed=90.395s
[B:21/117] DIG ...
  -> skipped_completed rows=4245 elapsed=Nones
[B:22/117] DPG ...
  -> completed rows=2065 elapsed=63.892s
[B:23/117] DPM ...
  -> completed rows=4402 elapsed=115.148s
[B:24/117] DPR ...
  -> completed rows=4402 elapsed=116.375s
[B:25/117] DXG ...
  -> completed rows=4157 elapsed=122.62s
[B:26/117] DXS ...
  -> completed rows=1241 elapsed=52.157s
[B:27/117] EIB ...
  -> completed rows=4197 elapsed=160.014s
[B:28/117] EVF ...
  -> completed rows=1150 elapsed=50.19s
[B:29/117] FCN ...
  -> completed rows=3514 elapsed=101.741s
[B:30/117] FPT ...
  -> skipped_completed rows=4402 elapsed=Nones
[B:31/117] FRT ...
  -> completed rows=2081 elapsed=83.547s
[B:32/117] FTS ...
  -> completed rows=2397 elapsed=99.642s
[B:33/117] GAS ...
